
> aiembodied@0.0.1 test C:\Users\kevin\repos\aiembodied
> pnpm -r test

Scope: 2 of 3 workspace projects
app/main test$ node scripts/test-split.mjs
app/renderer test$ vitest run
app/main test: ======================================================================
app/main test: Running Config tests...
app/main test: ======================================================================
app/main test: [test-electron] Electron executable: C:\Users\kevin\repos\aiembodied\app\main\node_modules\electron\dist\electron.exe
app/main test: [test-electron] Vitest entry: C:\Users\kevin\repos\aiembodied\node_modules\vitest\vitest.mjs
app/main test: [test-electron] Pattern: tests/config*.test.ts
app/main test: [test-electron] Running with ELECTRON_RUN_AS_NODE=1
app/renderer test: [1m[43m DEPRECATED [49m[22m [33m"environmentMatchGlobs" is deprecated. Use `test.projects` to define different configurations instead.[39m
app/renderer test: [1m[46m RUN [49m[22m [36mv3.2.4 [39m[90mC:/Users/kevin/repos/aiembodied/app/renderer[39m
app/renderer test:  [32mΓ£ô[39m tests/realtime/realtime-client.test.ts [2m([22m[2m9 tests[22m[2m)[22m[32m 46[2mms[22m[39m
app/renderer test:  [32mΓ£ô[39m tests/avatar/idle-scheduler.test.ts [2m([22m[2m3 tests[22m[2m)[22m[32m 31[2mms[22m[39m
app/renderer test: [90mstderr[2m | tests/avatar/vrm-avatar-renderer.test.tsx[2m > [22m[2mcreateRightArmWaveClip[2m > [22m[2mreturns null when humanoid mapping is missing
app/renderer test: [22m[39m[vrm-avatar-renderer] VRM humanoid is unavailable; cannot create wave animation clip.
app/renderer test: [90mstderr[2m | tests/avatar/vrm-avatar-renderer.test.tsx[2m > [22m[2msuppressOutlierMeshes[2m > [22m[2mhides meshes that exceed the max world-space size
app/renderer test: [22m[39m[vrm-avatar-renderer] Hiding oversized mesh { name: [32m''[39m, maxDim: [33m200[39m }
app/renderer test: [90mstdout[2m | tests/avatar/vrm-animation-queue.test.tsx[2m > [22m[2mVrmAvatarRenderer animation queue[2m > [22m[2mqueues animations sequentially
app/renderer test: [22m[39m[vrm-avatar-renderer] T-pose detection result: [33mfalse[39m
app/renderer test: [vrm-avatar-renderer] Model not in T-pose, skipping relaxed pose adjustment
app/renderer test: [vrm-avatar-renderer] VRM scene metrics {"modelId":"vrm-1","meshCount":0,"skinnedMeshCount":0,"hiddenMeshes":0,"bounds":null,"head":null}
app/renderer test: [90mstderr[2m | tests/avatar/vrm-animation-queue.test.tsx[2m > [22m[2mVrmAvatarRenderer animation queue[2m > [22m[2mqueues animations sequentially
app/renderer test: [22m[39m[vrm-avatar-renderer] Pose API unavailable, skipping default pose save
app/renderer test: [90mstderr[2m | tests/avatar/vrm-animation-queue.test.tsx[2m > [22m[2mVrmAvatarRenderer animation queue[2m > [22m[2mqueues animations sequentially
app/renderer test: [22m[39m[vrm-avatar-renderer] Missing right arm bones; skipping wave animation setup.
app/renderer test: [90mstdout[2m | tests/avatar/vrm-avatar-renderer.test.tsx[2m > [22m[2mVrmAvatarRenderer behavior cues[2m > [22m[2mplays a wave animation when a greet_face cue is emitted
app/renderer test: [22m[39m[vrm-avatar-renderer] T-pose detection result: [33mfalse[39m
app/renderer test: [vrm-avatar-renderer] Model not in T-pose, skipping relaxed pose adjustment
app/renderer test: [vrm-avatar-renderer] VRM scene metrics {"modelId":"vrm-1","meshCount":0,"skinnedMeshCount":0,"hiddenMeshes":0,"bounds":null,"head":null}
app/renderer test: [90mstderr[2m | tests/avatar/vrm-avatar-renderer.test.tsx[2m > [22m[2mVrmAvatarRenderer behavior cues[2m > [22m[2mplays a wave animation when a greet_face cue is emitted
app/renderer test: [22m[39m[vrm-avatar-renderer] Pose API unavailable, skipping default pose save
app/renderer test: [90mstdout[2m | tests/avatar/vrm-animation-queue.test.tsx[2m > [22m[2mVrmAvatarRenderer animation queue[2m > [22m[2minvokes timing callbacks when starting playback
app/renderer test: [22m[39m[vrm-avatar-renderer] T-pose detection result: [33mfalse[39m
app/renderer test: [vrm-avatar-renderer] Model not in T-pose, skipping relaxed pose adjustment
app/renderer test: [vrm-avatar-renderer] VRM scene metrics {"modelId":"vrm-1","meshCount":0,"skinnedMeshCount":0,"hiddenMeshes":0,"bounds":null,"head":null}
app/renderer test: [90mstderr[2m | tests/avatar/vrm-animation-queue.test.tsx[2m > [22m[2mVrmAvatarRenderer animation queue[2m > [22m[2minvokes timing callbacks when starting playback
app/renderer test: [22m[39m[vrm-avatar-renderer] Pose API unavailable, skipping default pose save
app/renderer test: [90mstderr[2m | tests/avatar/vrm-animation-queue.test.tsx[2m > [22m[2mVrmAvatarRenderer animation queue[2m > [22m[2minvokes timing callbacks when starting playback
app/renderer test: [22m[39m[vrm-avatar-renderer] Missing right arm bones; skipping wave animation setup.
app/renderer test: [90mstderr[2m | tests/avatar/avatar-renderers.smoke.test.tsx[2m > [22m[2mavatar renderer smoke tests[2m > [22m[2mmounts the VRM renderer when a model is available
app/renderer test: [22m[39m[vrm-avatar-renderer] failed to load VRM model TypeError: chestWorldPos.sub is not a function
app/renderer test:     at isInTPose [90m(C:\Users\kevin\repos\aiembodied\app\renderer\[39msrc\avatar\vrm-avatar-renderer.tsx:647:34[90m)[39m
app/renderer test:     at applyRelaxedPose [90m(C:\Users\kevin\repos\aiembodied\app\renderer\[39msrc\avatar\vrm-avatar-renderer.tsx:804:19[90m)[39m
app/renderer test:     at load [90m(C:\Users\kevin\repos\aiembodied\app\renderer\[39msrc\avatar\vrm-avatar-renderer.tsx:1772:9[90m)[39m
app/renderer test: [90m    at processTicksAndRejections (node:internal/process/task_queues:105:5)[39m
app/renderer test: [90mstdout[2m | tests/avatar/vrm-avatar-renderer.test.tsx[2m > [22m[2mVrmAvatarRenderer behavior cues[2m > [22m[2mplays a wave animation when a greet_face cue is emitted
app/renderer test: [22m[39m[vrm-avatar-renderer] greet_face cue triggered wave animation. { source: [32m'camera'[39m }
app/renderer test:  [32mΓ£ô[39m tests/avatar/vrm-avatar-renderer.test.tsx [2m([22m[2m9 tests[22m[2m)[22m[32m 208[2mms[22m[39m
app/renderer test: [90mstderr[2m | tests/avatar/avatar-renderers.smoke.test.tsx[2m > [22m[2mavatar renderer smoke tests[2m > [22m[2mloads the VRM model binary when the component mounts
app/renderer test: [22m[39m[vrm-avatar-renderer] failed to load VRM model TypeError: chestWorldPos.sub is not a function
app/renderer test:     at isInTPose [90m(C:\Users\kevin\repos\aiembodied\app\renderer\[39msrc\avatar\vrm-avatar-renderer.tsx:647:34[90m)[39m
app/renderer test:     at applyRelaxedPose [90m(C:\Users\kevin\repos\aiembodied\app\renderer\[39msrc\avatar\vrm-avatar-renderer.tsx:804:19[90m)[39m
app/renderer test:     at load [90m(C:\Users\kevin\repos\aiembodied\app\renderer\[39msrc\avatar\vrm-avatar-renderer.tsx:1772:9[90m)[39m
app/renderer test:  [32mΓ£ô[39m tests/avatar/avatar-renderers.smoke.test.tsx [2m([22m[2m2 tests[22m[2m)[22m[33m 1015[2mms[22m[39m
app/renderer test: [90mstdout[2m | tests/avatar/vrm-animation-queue.test.tsx[2m > [22m[2mVrmAvatarRenderer animation queue[2m > [22m[2mholds pose animations on the final frame
app/renderer test: [22m[39m[vrm-avatar-renderer] T-pose detection result: [33mfalse[39m
app/renderer test: [vrm-avatar-renderer] Model not in T-pose, skipping relaxed pose adjustment
app/renderer test: [vrm-avatar-renderer] VRM scene metrics {"modelId":"vrm-1","meshCount":0,"skinnedMeshCount":0,"hiddenMeshes":0,"bounds":null,"head":null}
app/renderer test: [90mstderr[2m | tests/avatar/vrm-animation-queue.test.tsx[2m > [22m[2mVrmAvatarRenderer animation queue[2m > [22m[2mholds pose animations on the final frame
app/renderer test: [22m[39m[vrm-avatar-renderer] Pose API unavailable, skipping default pose save
app/renderer test: [90mstderr[2m | tests/avatar/vrm-animation-queue.test.tsx[2m > [22m[2mVrmAvatarRenderer animation queue[2m > [22m[2mholds pose animations on the final frame
app/renderer test: [22m[39m[vrm-avatar-renderer] Missing right arm bones; skipping wave animation setup.
app/renderer test: [90mstdout[2m | tests/avatar/vrm-animation-queue.test.tsx[2m > [22m[2mVrmAvatarRenderer animation queue[2m > [22m[2mlooks up clips by slug name
app/renderer test: [22m[39m[vrm-avatar-renderer] T-pose detection result: [33mfalse[39m
app/renderer test: [vrm-avatar-renderer] Model not in T-pose, skipping relaxed pose adjustment
app/renderer test: [vrm-avatar-renderer] VRM scene metrics {"modelId":"vrm-1","meshCount":0,"skinnedMeshCount":0,"hiddenMeshes":0,"bounds":null,"head":null}
app/renderer test: [90mstderr[2m | tests/avatar/vrm-animation-queue.test.tsx[2m > [22m[2mVrmAvatarRenderer animation queue[2m > [22m[2mlooks up clips by slug name
app/renderer test: [22m[39m[vrm-avatar-renderer] Pose API unavailable, skipping default pose save
app/renderer test: [90mstderr[2m | tests/avatar/vrm-animation-queue.test.tsx[2m > [22m[2mVrmAvatarRenderer animation queue[2m > [22m[2mlooks up clips by slug name
app/renderer test: [22m[39m[vrm-avatar-renderer] Missing right arm bones; skipping wave animation setup.
app/renderer test: [90mstdout[2m | tests/avatar/avatar-configurator.test.tsx[2m > [22m[2mAvatarConfigurator[2m > [22m[2msubmits a VRMA prompt and reports success
app/renderer test: [22m[39m[avatar configurator] Avatar bridge connected.
app/renderer test:  [32mΓ£ô[39m tests/avatar/vrm-animation-queue.test.tsx [2m([22m[2m4 tests[22m[2m)[22m[33m 488[2mms[22m[39m
app/renderer test: [90mstdout[2m | tests/avatar/avatar-configurator.test.tsx[2m > [22m[2mAvatarConfigurator[2m > [22m[2mrenders VRM models with metadata and handles activation and deletion
app/renderer test: [22m[39m[avatar configurator] Avatar bridge connected.
app/renderer test: [90mstderr[2m | tests/avatar/avatar-configurator.test.tsx[2m > [22m[2mAvatarConfigurator[2m > [22m[2mrenders VRM models with metadata and handles activation and deletion
app/renderer test: [22m[39mNot implemented: HTMLCanvasElement's getContext() method: without installing the canvas npm package
app/renderer test: Not implemented: HTMLCanvasElement's getContext() method: without installing the canvas npm package
app/renderer test: THREE.WebGLRenderer: Error creating WebGL context.
app/renderer test: [90mstderr[2m | tests/avatar/avatar-configurator.test.tsx[2m > [22m[2mAvatarConfigurator[2m > [22m[2mrenders VRM models with metadata and handles activation and deletion
app/renderer test: [22m[39m[avatar-configurator] Failed to generate thumbnail for model vrm-2: Error: Error creating WebGL context.
app/renderer test:     at new WebGLRenderer (file:///C:/Users/kevin/repos/aiembodied/node_modules/[4m.pnpm[24m/three@0.182.0/node_modules/[4mthree[24m/build/three.module.js:15921:13)
app/renderer test:     at createOffscreenRenderer [90m(C:\Users\kevin\repos\aiembodied\app\renderer\[39msrc\avatar\thumbnail-generator.ts:21:20[90m)[39m
app/renderer test:     at generateVrmThumbnail [90m(C:\Users\kevin\repos\aiembodied\app\renderer\[39msrc\avatar\thumbnail-generator.ts:117:20[90m)[39m
app/renderer test:     at [90mC:\Users\kevin\repos\aiembodied\app\renderer\[39msrc\avatar\avatar-configurator.tsx:154:39
app/renderer test: [90mstderr[2m | tests/avatar/avatar-configurator.test.tsx[2m > [22m[2mAvatarConfigurator[2m > [22m[2mrenders VRM models with metadata and handles activation and deletion
app/renderer test: [22m[39mNot implemented: HTMLCanvasElement's getContext() method: without installing the canvas npm package
app/renderer test: Not implemented: HTMLCanvasElement's getContext() method: without installing the canvas npm package
app/renderer test: THREE.WebGLRenderer: Error creating WebGL context.
app/renderer test: [90mstderr[2m | tests/avatar/avatar-configurator.test.tsx[2m > [22m[2mAvatarConfigurator[2m > [22m[2mrenders VRM models with metadata and handles activation and deletion
app/renderer test: [22m[39m[avatar-configurator] Failed to generate thumbnail for model vrm-2: Error: Error creating WebGL context.
app/renderer test:     at new WebGLRenderer (file:///C:/Users/kevin/repos/aiembodied/node_modules/[4m.pnpm[24m/three@0.182.0/node_modules/[4mthree[24m/build/three.module.js:15921:13)
app/renderer test:     at createOffscreenRenderer [90m(C:\Users\kevin\repos\aiembodied\app\renderer\[39msrc\avatar\thumbnail-generator.ts:21:20[90m)[39m
app/renderer test:     at generateVrmThumbnail [90m(C:\Users\kevin\repos\aiembodied\app\renderer\[39msrc\avatar\thumbnail-generator.ts:117:20[90m)[39m
app/renderer test:     at [90mC:\Users\kevin\repos\aiembodied\app\renderer\[39msrc\avatar\avatar-configurator.tsx:154:39
app/renderer test: [90mstdout[2m | tests/avatar/avatar-configurator.test.tsx[2m > [22m[2mAvatarConfigurator[2m > [22m[2muploads a VRM file and surfaces metadata from the main service
app/renderer test: [22m[39m[avatar configurator] Avatar bridge connected.
app/renderer test: [90mstdout[2m | tests/avatar/avatar-configurator.test.tsx[2m > [22m[2mAvatarConfigurator[2m > [22m[2mprevents non-vrm uploads and shows validation error
app/renderer test: [22m[39m[avatar configurator] Avatar bridge connected.
app/renderer test:  [32mΓ£ô[39m tests/avatar/avatar-configurator.test.tsx [2m([22m[2m6 tests[22m[2m)[22m[33m 1875[2mms[22m[39m
app/renderer test:    [33m[2mΓ£ô[22m[39m AvatarConfigurator[2m > [22msubmits a VRMA prompt and reports success [33m 737[2mms[22m[39m
app/renderer test:    [33m[2mΓ£ô[22m[39m AvatarConfigurator[2m > [22mrenders VRM models with metadata and handles activation and deletion [33m 678[2mms[22m[39m
app/renderer test:  [32mΓ£ô[39m tests/vite-config.test.ts [2m([22m[2m2 tests[22m[2m)[22m[32m 6[2mms[22m[39m
app/main test: [1m[46m RUN [49m[22m [36mv3.2.4 [39m[90mC:/Users/kevin/repos/aiembodied/app/main[39m
app/renderer test:  [32mΓ£ô[39m tests/avatar/animation-tags.test.ts [2m([22m[2m3 tests[22m[2m)[22m[32m 9[2mms[22m[39m
app/renderer test:  [32mΓ£ô[39m tests/audio/viseme-driver.test.ts [2m([22m[2m3 tests[22m[2m)[22m[32m 18[2mms[22m[39m
app/renderer test:  [32mΓ£ô[39m tests/metrics/latency-tracker.test.ts [2m([22m[2m3 tests[22m[2m)[22m[32m 9[2mms[22m[39m
app/renderer test:  [32mΓ£ô[39m tests/audio/vad-controller.test.ts [2m([22m[2m2 tests[22m[2m)[22m[32m 9[2mms[22m[39m
app/renderer test:  [32mΓ£ô[39m tests/audio/metrics.test.ts [2m([22m[2m2 tests[22m[2m)[22m[32m 8[2mms[22m[39m
app/renderer test: [90mstdout[2m | tests/App.test.tsx[2m > [22m[2mApp component[2m > [22m[2mlogs realtime disconnect and reconnect when voice preference changes
app/renderer test: [22m[39m[RealtimeClient] Minted ephemeral token. { reason: [32m'connect'[39m }
app/renderer test:  [32mΓ£ô[39m tests/App.test.tsx [2m([22m[2m16 tests[22m[2m)[22m[33m 8697[2mms[22m[39m
app/renderer test:    [33m[2mΓ£ô[22m[39m App component[2m > [22mrenders tab navigation and toggles panels [33m 2052[2mms[22m[39m
app/renderer test:    [33m[2mΓ£ô[22m[39m App component[2m > [22mcharacter tab loads the avatar configurator when active [33m 413[2mms[22m[39m
app/renderer test:    [33m[2mΓ£ô[22m[39m App component[2m > [22mrenders the static realtime voice list without querying the API [33m 362[2mms[22m[39m
app/renderer test:    [33m[2mΓ£ô[22m[39m App component[2m > [22mextends voice options with config and server supplied voices [33m 496[2mms[22m[39m
app/renderer test:    [33m[2mΓ£ô[22m[39m App component[2m > [22mstages realtime session config with prompt before connecting [33m 354[2mms[22m[39m
app/renderer test:    [33m[2mΓ£ô[22m[39m App component[2m > [22mrenders kiosk UI, toggles transcript overlay, and persists device preferences [33m 1232[2mms[22m[39m
app/renderer test:    [33m[2mΓ£ô[22m[39m App component[2m > [22mallows pausing and resuming listening while disconnecting realtime sessions [33m 455[2mms[22m[39m
app/renderer test:    [33m[2mΓ£ô[22m[39m App component[2m > [22mloads persisted conversation history and records new session messages [33m 383[2mms[22m[39m
app/renderer test:    [33m[2mΓ£ô[22m[39m App component[2m > [22mupdates realtime api key via configuration form [33m 593[2mms[22m[39m
app/renderer test:    [33m[2mΓ£ô[22m[39m App component[2m > [22muses the latest preload bridge when submitting a secret before the hook state updates [33m 496[2mms[22m[39m
app/renderer test:    [33m[2mΓ£ô[22m[39m App component[2m > [22mreports wake word access key test failures [33m 421[2mms[22m[39m
app/renderer test:    [33m[2mΓ£ô[22m[39m App component[2m > [22msyncs the base prompt textarea with realtime session updates [33m 360[2mms[22m[39m
app/renderer test:    [33m[2mΓ£ô[22m[39m App component[2m > [22mlogs realtime disconnect and reconnect when voice preference changes [33m 562[2mms[22m[39m
app/renderer test: [2m Test Files [22m [1m[32m13 passed[39m[22m[90m (13)[39m
app/renderer test: [2m      Tests [22m [1m[32m64 passed[39m[22m[90m (64)[39m
app/renderer test: [2m   Start at [22m 00:32:47
app/renderer test: [2m   Duration [22m 17.45s[2m (transform 3.69s, setup 7.47s, collect 10.85s, tests 12.42s, environment 52.74s, prepare 6.69s)[22m
app/renderer test: Done
app/main test: [90mstdout[2m | tests/config-manager.test.ts[2m > [22m[2mConfigManager[2m > [22m[2mvalidates and returns configuration from environment variables
app/main test: [22m[39mLoading configuration from environment and secret stores.
app/main test: Resolving realtime API key from environment variables. { keys: [ [32m'REALTIME_API_KEY'[39m, [32m'realtime_api_key'[39m ] }
app/main test: Realtime API key resolved from environment variables. { length: [33m12[39m }
app/main test: [90mstdout[2m | tests/config-manager.test.ts[2m > [22m[2mConfigManager[2m > [22m[2mvalidates and returns configuration from environment variables
app/main test: [22m[39mResolving wake word access key from environment variables. { keys: [ [32m'PORCUPINE_ACCESS_KEY'[39m, [32m'porcupine_access_key'[39m ] }
app/main test: Wake word access key resolved from environment variables. { length: [33m13[39m }
app/main test: [90mstdout[2m | tests/config-manager.test.ts[2m > [22m[2mConfigManager[2m > [22m[2mvalidates and returns configuration from environment variables
app/main test: [22m[39mConfiguration loaded. {
app/main test:   hasRealtimeApiKey: [33mtrue[39m,
app/main test:   wakeWordHasAccessKey: [33mtrue[39m,
app/main test:   audioInputConfigured: [33mtrue[39m,
app/main test:   audioOutputConfigured: [33mtrue[39m,
app/main test:   featureFlagCount: [33m1[39m
app/main test: }
app/main test: [90mstdout[2m | tests/config-manager.test.ts[2m > [22m[2mConfigManager[2m > [22m[2mprefers stored preferences over environment configuration
app/main test: [22m[39mLoading configuration from environment and secret stores.
app/main test: Resolving realtime API key from environment variables. { keys: [ [32m'REALTIME_API_KEY'[39m, [32m'realtime_api_key'[39m ] }
app/main test: Realtime API key resolved from environment variables. { length: [33m12[39m }
app/main test: [90mstdout[2m | tests/config-manager.test.ts[2m > [22m[2mConfigManager[2m > [22m[2mprefers stored preferences over environment configuration
app/main test: [22m[39mResolving wake word access key from environment variables. { keys: [ [32m'PORCUPINE_ACCESS_KEY'[39m, [32m'porcupine_access_key'[39m ] }
app/main test: Wake word access key resolved from environment variables. { length: [33m13[39m }
app/main test: [90mstdout[2m | tests/config-manager.test.ts[2m > [22m[2mConfigManager[2m > [22m[2mprefers stored preferences over environment configuration
app/main test: [22m[39mConfiguration loaded. {
app/main test:   hasRealtimeApiKey: [33mtrue[39m,
app/main test:   wakeWordHasAccessKey: [33mtrue[39m,
app/main test:   audioInputConfigured: [33mtrue[39m,
app/main test:   audioOutputConfigured: [33mtrue[39m,
app/main test:   featureFlagCount: [33m1[39m
app/main test: }
app/main test: [90mstdout[2m | tests/config-manager.test.ts[2m > [22m[2mConfigManager[2m > [22m[2mfalls back to secret store when environment variable is missing
app/main test: [22m[39mLoading configuration from environment and secret stores.
app/main test: Resolving realtime API key from environment variables. { keys: [ [32m'REALTIME_API_KEY'[39m, [32m'realtime_api_key'[39m ] }
app/main test: Realtime API key not found in environment. { hasSecretStore: [33mtrue[39m }
app/main test: [90mstdout[2m | tests/config-manager.test.ts[2m > [22m[2mConfigManager[2m > [22m[2mfalls back to secret store when environment variable is missing
app/main test: [22m[39mRealtime API key resolved from secret store. { length: [33m10[39m }
app/main test: [90mstdout[2m | tests/config-manager.test.ts[2m > [22m[2mConfigManager[2m > [22m[2mfalls back to secret store when environment variable is missing
app/main test: [22m[39mResolving wake word access key from environment variables. { keys: [ [32m'PORCUPINE_ACCESS_KEY'[39m, [32m'porcupine_access_key'[39m ] }
app/main test: Wake word access key not found in environment. { hasSecretStore: [33mtrue[39m }
app/main test: [90mstdout[2m | tests/config-manager.test.ts[2m > [22m[2mConfigManager[2m > [22m[2mfalls back to secret store when environment variable is missing
app/main test: [22m[39mWake word access key resolved from secret store. { length: [33m16[39m }
app/main test: [90mstdout[2m | tests/config-manager.test.ts[2m > [22m[2mConfigManager[2m > [22m[2mfalls back to secret store when environment variable is missing
app/main test: [22m[39mConfiguration loaded. {
app/main test:   hasRealtimeApiKey: [33mtrue[39m,
app/main test:   wakeWordHasAccessKey: [33mtrue[39m,
app/main test:   audioInputConfigured: [33mfalse[39m,
app/main test:   audioOutputConfigured: [33mfalse[39m,
app/main test:   featureFlagCount: [33m0[39m
app/main test: }
app/main test: [90mstdout[2m | tests/config-manager.test.ts[2m > [22m[2mConfigManager[2m > [22m[2mparses comma separated feature flags
app/main test: [22m[39mLoading configuration from environment and secret stores.
app/main test: Resolving realtime API key from environment variables. { keys: [ [32m'REALTIME_API_KEY'[39m, [32m'realtime_api_key'[39m ] }
app/main test: Realtime API key resolved from environment variables. { length: [33m3[39m }
app/main test: [90mstdout[2m | tests/config-manager.test.ts[2m > [22m[2mConfigManager[2m > [22m[2mparses comma separated feature flags
app/main test: [22m[39mResolving wake word access key from environment variables. { keys: [ [32m'PORCUPINE_ACCESS_KEY'[39m, [32m'porcupine_access_key'[39m ] }
app/main test: Wake word access key resolved from environment variables. { length: [33m8[39m }
app/main test: [90mstdout[2m | tests/config-manager.test.ts[2m > [22m[2mConfigManager[2m > [22m[2mparses comma separated feature flags
app/main test: [22m[39mConfiguration loaded. {
app/main test:   hasRealtimeApiKey: [33mtrue[39m,
app/main test:   wakeWordHasAccessKey: [33mtrue[39m,
app/main test:   audioInputConfigured: [33mfalse[39m,
app/main test:   audioOutputConfigured: [33mfalse[39m,
app/main test:   featureFlagCount: [33m3[39m
app/main test: }
app/main test: [90mstdout[2m | tests/config-manager.test.ts[2m > [22m[2mConfigManager[2m > [22m[2mparses metrics configuration from environment variables
app/main test: [22m[39mLoading configuration from environment and secret stores.
app/main test: Resolving realtime API key from environment variables. { keys: [ [32m'REALTIME_API_KEY'[39m, [32m'realtime_api_key'[39m ] }
app/main test: Realtime API key resolved from environment variables. { length: [33m3[39m }
app/main test: [90mstdout[2m | tests/config-manager.test.ts[2m > [22m[2mConfigManager[2m > [22m[2mparses metrics configuration from environment variables
app/main test: [22m[39mResolving wake word access key from environment variables. { keys: [ [32m'PORCUPINE_ACCESS_KEY'[39m, [32m'porcupine_access_key'[39m ] }
app/main test: Wake word access key resolved from environment variables. { length: [33m8[39m }
app/main test: [90mstderr[2m | tests/config-manager.test.ts[2m > [22m[2mConfigManager[2m > [22m[2mthrows a validation error when the wake word access key is missing
app/main test: [22m[39mWake word access key unavailable: secret store is not configured.
app/main test: [90mstderr[2m | tests/config-manager.test.ts[2m > [22m[2mConfigManager[2m > [22m[2mloads with an empty realtime api key and marks the renderer config as unconfigured
app/main test: [22m[39mRealtime API key unavailable: secret store is not configured.
app/main test: [90mstdout[2m | tests/config-manager.test.ts[2m > [22m[2mConfigManager[2m > [22m[2mparses metrics configuration from environment variables
app/main test: [22m[39mConfiguration loaded. {
app/main test:   hasRealtimeApiKey: [33mtrue[39m,
app/main test:   wakeWordHasAccessKey: [33mtrue[39m,
app/main test:   audioInputConfigured: [33mfalse[39m,
app/main test:   audioOutputConfigured: [33mfalse[39m,
app/main test:   featureFlagCount: [33m0[39m
app/main test: }
app/main test: [90mstdout[2m | tests/config-manager.test.ts[2m > [22m[2mConfigManager[2m > [22m[2mthrows a validation error when the wake word access key is missing
app/main test: [22m[39mLoading configuration from environment and secret stores.
app/main test: Resolving realtime API key from environment variables. { keys: [ [32m'REALTIME_API_KEY'[39m, [32m'realtime_api_key'[39m ] }
app/main test: Realtime API key resolved from environment variables. { length: [33m3[39m }
app/main test: [90mstdout[2m | tests/config-manager.test.ts[2m > [22m[2mConfigManager[2m > [22m[2mthrows a validation error when the wake word access key is missing
app/main test: [22m[39mResolving wake word access key from environment variables. { keys: [ [32m'PORCUPINE_ACCESS_KEY'[39m, [32m'porcupine_access_key'[39m ] }
app/main test: Wake word access key not found in environment. { hasSecretStore: [33mfalse[39m }
app/main test: [90mstdout[2m | tests/config-manager.test.ts[2m > [22m[2mConfigManager[2m > [22m[2mloads with an empty realtime api key and marks the renderer config as unconfigured
app/main test: [22m[39mLoading configuration from environment and secret stores.
app/main test: Resolving realtime API key from environment variables. { keys: [ [32m'REALTIME_API_KEY'[39m, [32m'realtime_api_key'[39m ] }
app/main test: Realtime API key not found in environment. { hasSecretStore: [33mfalse[39m }
app/main test: [90mstdout[2m | tests/config-manager.test.ts[2m > [22m[2mConfigManager[2m > [22m[2mloads with an empty realtime api key and marks the renderer config as unconfigured
app/main test: [22m[39mResolving wake word access key from environment variables. { keys: [ [32m'PORCUPINE_ACCESS_KEY'[39m, [32m'porcupine_access_key'[39m ] }
app/main test: Wake word access key resolved from environment variables. { length: [33m8[39m }
app/main test: [90mstdout[2m | tests/config-manager.test.ts[2m > [22m[2mConfigManager[2m > [22m[2mloads with an empty realtime api key and marks the renderer config as unconfigured
app/main test: [22m[39mConfiguration loaded. {
app/main test:   hasRealtimeApiKey: [33mfalse[39m,
app/main test:   wakeWordHasAccessKey: [33mtrue[39m,
app/main test:   audioInputConfigured: [33mfalse[39m,
app/main test:   audioOutputConfigured: [33mfalse[39m,
app/main test:   featureFlagCount: [33m0[39m
app/main test: }
app/main test: [90mstdout[2m | tests/config-manager.test.ts[2m > [22m[2mConfigManager[2m > [22m[2mreads realtime api keys from case-insensitive environment variables
app/main test: [22m[39mLoading configuration from environment and secret stores.
app/main test: Resolving realtime API key from environment variables. { keys: [ [32m'REALTIME_API_KEY'[39m, [32m'realtime_api_key'[39m ] }
app/main test: Realtime API key resolved from environment variables. { length: [33m9[39m }
app/main test: [90mstdout[2m | tests/config-manager.test.ts[2m > [22m[2mConfigManager[2m > [22m[2mreads realtime api keys from case-insensitive environment variables
app/main test: [22m[39mResolving wake word access key from environment variables. { keys: [ [32m'PORCUPINE_ACCESS_KEY'[39m, [32m'porcupine_access_key'[39m ] }
app/main test: Wake word access key resolved from environment variables. { length: [33m8[39m }
app/main test: [90mstdout[2m | tests/config-manager.test.ts[2m > [22m[2mConfigManager[2m > [22m[2mreads realtime api keys from case-insensitive environment variables
app/main test: [22m[39mConfiguration loaded. {
app/main test:   hasRealtimeApiKey: [33mtrue[39m,
app/main test:   wakeWordHasAccessKey: [33mtrue[39m,
app/main test:   audioInputConfigured: [33mfalse[39m,
app/main test:   audioOutputConfigured: [33mfalse[39m,
app/main test:   featureFlagCount: [33m0[39m
app/main test: }
app/main test: [90mstdout[2m | tests/config-manager.test.ts[2m > [22m[2mConfigManager[2m > [22m[2mreads api secrets from lowercase .env keys and trims whitespace
app/main test: [22m[39mLoading configuration from environment and secret stores.
app/main test: Resolving realtime API key from environment variables. { keys: [ [32m'REALTIME_API_KEY'[39m, [32m'realtime_api_key'[39m ] }
app/main test: Realtime API key resolved from environment variables. { length: [33m12[39m }
app/main test: [90mstdout[2m | tests/config-manager.test.ts[2m > [22m[2mConfigManager[2m > [22m[2mreads api secrets from lowercase .env keys and trims whitespace
app/main test: [22m[39mResolving wake word access key from environment variables. { keys: [ [32m'PORCUPINE_ACCESS_KEY'[39m, [32m'porcupine_access_key'[39m ] }
app/main test: Wake word access key resolved from environment variables. { length: [33m13[39m }
app/main test: [90mstdout[2m | tests/config-manager.test.ts[2m > [22m[2mConfigManager[2m > [22m[2mreads api secrets from lowercase .env keys and trims whitespace
app/main test: [22m[39mConfiguration loaded. {
app/main test:   hasRealtimeApiKey: [33mtrue[39m,
app/main test:   wakeWordHasAccessKey: [33mtrue[39m,
app/main test:   audioInputConfigured: [33mfalse[39m,
app/main test:   audioOutputConfigured: [33mfalse[39m,
app/main test:   featureFlagCount: [33m0[39m
app/main test: }
app/main test: [90mstdout[2m | tests/config-manager.test.ts[2m > [22m[2mConfigManager[2m > [22m[2mupdates and persists audio device preferences
app/main test: [22m[39mLoading configuration from environment and secret stores.
app/main test: Resolving realtime API key from environment variables. { keys: [ [32m'REALTIME_API_KEY'[39m, [32m'realtime_api_key'[39m ] }
app/main test: Realtime API key resolved from environment variables. { length: [33m3[39m }
app/main test: [90mstdout[2m | tests/config-manager.test.ts[2m > [22m[2mConfigManager[2m > [22m[2mupdates and persists audio device preferences
app/main test: [22m[39mResolving wake word access key from environment variables. { keys: [ [32m'PORCUPINE_ACCESS_KEY'[39m, [32m'porcupine_access_key'[39m ] }
app/main test: Wake word access key resolved from environment variables. { length: [33m4[39m }
app/main test: [90mstdout[2m | tests/config-manager.test.ts[2m > [22m[2mConfigManager[2m > [22m[2mupdates and persists audio device preferences
app/main test: [22m[39mConfiguration loaded. {
app/main test:   hasRealtimeApiKey: [33mtrue[39m,
app/main test:   wakeWordHasAccessKey: [33mtrue[39m,
app/main test:   audioInputConfigured: [33mfalse[39m,
app/main test:   audioOutputConfigured: [33mfalse[39m,
app/main test:   featureFlagCount: [33m0[39m
app/main test: }
app/main test: [90mstdout[2m | tests/config-manager.test.ts[2m > [22m[2mConfigManager[2m > [22m[2mupdates secrets securely and refreshes renderer config state
app/main test: [22m[39mLoading configuration from environment and secret stores.
app/main test: Resolving realtime API key from environment variables. { keys: [ [32m'REALTIME_API_KEY'[39m, [32m'realtime_api_key'[39m ] }
app/main test: Realtime API key resolved from environment variables. { length: [33m11[39m }
app/main test: [90mstdout[2m | tests/config-manager.test.ts[2m > [22m[2mConfigManager[2m > [22m[2mupdates secrets securely and refreshes renderer config state
app/main test: [22m[39mResolving wake word access key from environment variables. { keys: [ [32m'PORCUPINE_ACCESS_KEY'[39m, [32m'porcupine_access_key'[39m ] }
app/main test: Wake word access key resolved from environment variables. { length: [33m12[39m }
app/main test: [90mstdout[2m | tests/config-manager.test.ts[2m > [22m[2mConfigManager[2m > [22m[2mupdates secrets securely and refreshes renderer config state
app/main test: [22m[39mConfiguration loaded. {
app/main test:   hasRealtimeApiKey: [33mtrue[39m,
app/main test:   wakeWordHasAccessKey: [33mtrue[39m,
app/main test:   audioInputConfigured: [33mfalse[39m,
app/main test:   audioOutputConfigured: [33mfalse[39m,
app/main test:   featureFlagCount: [33m0[39m
app/main test: }
app/main test: [90mstdout[2m | tests/config-manager.test.ts[2m > [22m[2mConfigManager[2m > [22m[2mupdates secrets securely and refreshes renderer config state
app/main test: [22m[39mRealtime API key updated. { length: [33m11[39m }
app/main test: [90mstdout[2m | tests/config-manager.test.ts[2m > [22m[2mConfigManager[2m > [22m[2mupdates secrets securely and refreshes renderer config state
app/main test: [22m[39mWake word access key updated. { length: [33m17[39m }
app/main test: [90mstdout[2m | tests/config-manager.test.ts[2m > [22m[2mConfigManager[2m > [22m[2mthrows when attempting to persist secrets without a configured store
app/main test: [22m[39mLoading configuration from environment and secret stores.
app/main test: Resolving realtime API key from environment variables. { keys: [ [32m'REALTIME_API_KEY'[39m, [32m'realtime_api_key'[39m ] }
app/main test: Realtime API key resolved from environment variables. { length: [33m7[39m }
app/main test: [90mstdout[2m | tests/config-manager.test.ts[2m > [22m[2mConfigManager[2m > [22m[2mthrows when attempting to persist secrets without a configured store
app/main test: [22m[39mResolving wake word access key from environment variables. { keys: [ [32m'PORCUPINE_ACCESS_KEY'[39m, [32m'porcupine_access_key'[39m ] }
app/main test: Wake word access key resolved from environment variables. { length: [33m4[39m }
app/main test: [90mstdout[2m | tests/config-manager.test.ts[2m > [22m[2mConfigManager[2m > [22m[2mthrows when attempting to persist secrets without a configured store
app/main test: [22m[39mConfiguration loaded. {
app/main test:   hasRealtimeApiKey: [33mtrue[39m,
app/main test:   wakeWordHasAccessKey: [33mtrue[39m,
app/main test:   audioInputConfigured: [33mfalse[39m,
app/main test:   audioOutputConfigured: [33mfalse[39m,
app/main test:   featureFlagCount: [33m0[39m
app/main test: }
app/main test: [90mstdout[2m | tests/config-manager.test.ts[2m > [22m[2mConfigManager[2m > [22m[2mtests realtime api keys using the configured OpenAI client
app/main test: [22m[39mLoading configuration from environment and secret stores.
app/main test: Resolving realtime API key from environment variables. { keys: [ [32m'REALTIME_API_KEY'[39m, [32m'realtime_api_key'[39m ] }
app/main test: Realtime API key resolved from environment variables. { length: [33m8[39m }
app/main test: [90mstdout[2m | tests/config-manager.test.ts[2m > [22m[2mConfigManager[2m > [22m[2mtests realtime api keys using the configured OpenAI client
app/main test: [22m[39mResolving wake word access key from environment variables. { keys: [ [32m'PORCUPINE_ACCESS_KEY'[39m, [32m'porcupine_access_key'[39m ] }
app/main test: Wake word access key resolved from environment variables. { length: [33m4[39m }
app/main test: [90mstdout[2m | tests/config-manager.test.ts[2m > [22m[2mConfigManager[2m > [22m[2mtests realtime api keys using the configured OpenAI client
app/main test: [22m[39mConfiguration loaded. {
app/main test:   hasRealtimeApiKey: [33mtrue[39m,
app/main test:   wakeWordHasAccessKey: [33mtrue[39m,
app/main test:   audioInputConfigured: [33mfalse[39m,
app/main test:   audioOutputConfigured: [33mfalse[39m,
app/main test:   featureFlagCount: [33m0[39m
app/main test: }
app/main test: [90mstderr[2m | tests/config-manager.test.ts[2m > [22m[2mConfigManager[2m > [22m[2mreturns a helpful error when testing an unconfigured realtime api key
app/main test: [22m[39mRealtime API key unavailable: secret store is not configured.
app/main test: [90mstdout[2m | tests/config-manager.test.ts[2m > [22m[2mConfigManager[2m > [22m[2mtests realtime api keys using the configured OpenAI client
app/main test: [22m[39mTesting realtime API key.
app/main test: [90mstdout[2m | tests/config-manager.test.ts[2m > [22m[2mConfigManager[2m > [22m[2mreturns a helpful error when testing an unconfigured realtime api key
app/main test: [22m[39mLoading configuration from environment and secret stores.
app/main test: Resolving realtime API key from environment variables. { keys: [ [32m'REALTIME_API_KEY'[39m, [32m'realtime_api_key'[39m ] }
app/main test: Realtime API key not found in environment. { hasSecretStore: [33mfalse[39m }
app/main test: [90mstdout[2m | tests/config-manager.test.ts[2m > [22m[2mConfigManager[2m > [22m[2mreturns a helpful error when testing an unconfigured realtime api key
app/main test: [22m[39mResolving wake word access key from environment variables. { keys: [ [32m'PORCUPINE_ACCESS_KEY'[39m, [32m'porcupine_access_key'[39m ] }
app/main test: Wake word access key resolved from environment variables. { length: [33m8[39m }
app/main test: [90mstdout[2m | tests/config-manager.test.ts[2m > [22m[2mConfigManager[2m > [22m[2mreturns a helpful error when testing an unconfigured realtime api key
app/main test: [22m[39mConfiguration loaded. {
app/main test:   hasRealtimeApiKey: [33mfalse[39m,
app/main test:   wakeWordHasAccessKey: [33mtrue[39m,
app/main test:   audioInputConfigured: [33mfalse[39m,
app/main test:   audioOutputConfigured: [33mfalse[39m,
app/main test:   featureFlagCount: [33m0[39m
app/main test: }
app/main test: [90mstdout[2m | tests/config-manager.test.ts[2m > [22m[2mConfigManager[2m > [22m[2mreports when no OpenAI client is available for realtime key testing
app/main test: [22m[39mLoading configuration from environment and secret stores.
app/main test: Resolving realtime API key from environment variables. { keys: [ [32m'REALTIME_API_KEY'[39m, [32m'realtime_api_key'[39m ] }
app/main test: Realtime API key resolved from environment variables. { length: [33m14[39m }
app/main test: [90mstdout[2m | tests/config-manager.test.ts[2m > [22m[2mConfigManager[2m > [22m[2mreports when no OpenAI client is available for realtime key testing
app/main test: [22m[39mResolving wake word access key from environment variables. { keys: [ [32m'PORCUPINE_ACCESS_KEY'[39m, [32m'porcupine_access_key'[39m ] }
app/main test: Wake word access key resolved from environment variables. { length: [33m8[39m }
app/main test: [90mstdout[2m | tests/config-manager.test.ts[2m > [22m[2mConfigManager[2m > [22m[2mreports when no OpenAI client is available for realtime key testing
app/main test: [22m[39mConfiguration loaded. {
app/main test:   hasRealtimeApiKey: [33mtrue[39m,
app/main test:   wakeWordHasAccessKey: [33mtrue[39m,
app/main test:   audioInputConfigured: [33mfalse[39m,
app/main test:   audioOutputConfigured: [33mfalse[39m,
app/main test:   featureFlagCount: [33m0[39m
app/main test: }
app/main test: [90mstdout[2m | tests/config-manager.test.ts[2m > [22m[2mConfigManager[2m > [22m[2mreports when no OpenAI client is available for realtime key testing
app/main test: [22m[39mTesting realtime API key.
app/main test: [90mstdout[2m | tests/config-manager.test.ts[2m > [22m[2mConfigManager[2m > [22m[2mreports HTTP failures when validating wake word access keys
app/main test: [22m[39mLoading configuration from environment and secret stores.
app/main test: Resolving realtime API key from environment variables. { keys: [ [32m'REALTIME_API_KEY'[39m, [32m'realtime_api_key'[39m ] }
app/main test: Realtime API key resolved from environment variables. { length: [33m3[39m }
app/main test: [90mstdout[2m | tests/config-manager.test.ts[2m > [22m[2mConfigManager[2m > [22m[2mreports HTTP failures when validating wake word access keys
app/main test: [22m[39mResolving wake word access key from environment variables. { keys: [ [32m'PORCUPINE_ACCESS_KEY'[39m, [32m'porcupine_access_key'[39m ] }
app/main test: Wake word access key resolved from environment variables. { length: [33m4[39m }
app/main test: [90mstdout[2m | tests/config-manager.test.ts[2m > [22m[2mConfigManager[2m > [22m[2mreports HTTP failures when validating wake word access keys
app/main test: [22m[39mConfiguration loaded. {
app/main test:   hasRealtimeApiKey: [33mtrue[39m,
app/main test:   wakeWordHasAccessKey: [33mtrue[39m,
app/main test:   audioInputConfigured: [33mfalse[39m,
app/main test:   audioOutputConfigured: [33mfalse[39m,
app/main test:   featureFlagCount: [33m0[39m
app/main test: }
app/main test: [90mstdout[2m | tests/config-manager.test.ts[2m > [22m[2mConfigManager[2m > [22m[2mreports HTTP failures when validating wake word access keys
app/main test: [22m[39mTesting wake word access key.
app/main test:  [32mΓ£ô[39m tests/config-manager.test.ts [2m([22m[2m17 tests[22m[2m)[22m[32m 58[2mms[22m[39m
app/main test: [2m Test Files [22m [1m[32m1 passed[39m[22m[90m (1)[39m
app/main test: [2m      Tests [22m [1m[32m17 passed[39m[22m[90m (17)[39m
app/main test: [2m   Start at [22m 00:33:00
app/main test: [2m   Duration [22m 8.52s[2m (transform 254ms, setup 115ms, collect 597ms, tests 58ms, environment 0ms, prepare 1.88s)[22m
app/main test: Γ£ô Config tests passed
app/main test: ======================================================================
app/main test: Running Preferences tests...
app/main test: ======================================================================
app/main test: [test-electron] Electron executable: C:\Users\kevin\repos\aiembodied\app\main\node_modules\electron\dist\electron.exe
app/main test: [test-electron] Vitest entry: C:\Users\kevin\repos\aiembodied\node_modules\vitest\vitest.mjs
app/main test: [test-electron] Pattern: tests/preferences*.test.ts
app/main test: [test-electron] Running with ELECTRON_RUN_AS_NODE=1
app/main test: [1m[46m RUN [49m[22m [36mv3.2.4 [39m[90mC:/Users/kevin/repos/aiembodied/app/main[39m
app/main test:  [32mΓ£ô[39m tests/preferences-store.test.ts [2m([22m[2m2 tests[22m[2m)[22m[32m 44[2mms[22m[39m
app/main test: [2m Test Files [22m [1m[32m1 passed[39m[22m[90m (1)[39m
app/main test: [2m      Tests [22m [1m[32m2 passed[39m[22m[90m (2)[39m
app/main test: [2m   Start at [22m 00:33:11
app/main test: [2m   Duration [22m 10.83s[2m (transform 96ms, setup 104ms, collect 156ms, tests 44ms, environment 0ms, prepare 320ms)[22m
app/main test: Γ£ô Preferences tests passed
app/main test: ======================================================================
app/main test: Running Avatar tests...
app/main test: ======================================================================
app/main test: [test-electron] Electron executable: C:\Users\kevin\repos\aiembodied\app\main\node_modules\electron\dist\electron.exe
app/main test: [test-electron] Vitest entry: C:\Users\kevin\repos\aiembodied\node_modules\vitest\vitest.mjs
app/main test: [test-electron] Pattern: tests/avatar-*.test.ts
app/main test: [test-electron] Running with ELECTRON_RUN_AS_NODE=1
app/main test: [1m[46m RUN [49m[22m [36mv3.2.4 [39m[90mC:/Users/kevin/repos/aiembodied/app/main[39m
app/main test:  [32mΓ£ô[39m tests/avatar-animation-service.test.ts [2m([22m[2m5 tests[22m[2m)[22m[32m 180[2mms[22m[39m
app/main test:  [32mΓ£ô[39m tests/avatar-pose-service.test.ts [2m([22m[2m10 tests[22m[2m)[22m[33m 312[2mms[22m[39m
app/main test:  [32mΓ£ô[39m tests/avatar-model-service.test.ts [2m([22m[2m11 tests[22m[2m)[22m[33m 362[2mms[22m[39m
app/main test: [2m Test Files [22m [1m[32m3 passed[39m[22m[90m (3)[39m
app/main test: [2m      Tests [22m [1m[32m26 passed[39m[22m[90m (26)[39m
app/main test: [2m   Start at [22m 00:33:24
app/main test: [2m   Duration [22m 4.96s[2m (transform 332ms, setup 196ms, collect 973ms, tests 854ms, environment 1ms, prepare 1.06s)[22m
app/main test: Γ£ô Avatar tests passed
app/main test: ======================================================================
app/main test: Running VRMA tests...
app/main test: ======================================================================
app/main test: [test-electron] Electron executable: C:\Users\kevin\repos\aiembodied\app\main\node_modules\electron\dist\electron.exe
app/main test: [test-electron] Vitest entry: C:\Users\kevin\repos\aiembodied\node_modules\vitest\vitest.mjs
app/main test: [test-electron] Pattern: tests/vrm*.test.ts
app/main test: [test-electron] Running with ELECTRON_RUN_AS_NODE=1
app/main test: [1m[46m RUN [49m[22m [36mv3.2.4 [39m[90mC:/Users/kevin/repos/aiembodied/app/main[39m
app/main test:  [32mΓ£ô[39m tests/vrma-converter.test.ts [2m([22m[2m3 tests[22m[2m)[22m[32m 9[2mms[22m[39m
app/main test:  [32mΓ£ô[39m tests/vrma-schema.test.ts [2m([22m[2m3 tests[22m[2m)[22m[32m 10[2mms[22m[39m
app/main test:  [32mΓ£ô[39m tests/vrma-generation-service.test.ts [2m([22m[2m2 tests[22m[2m)[22m[32m 131[2mms[22m[39m
app/main test: [2m Test Files [22m [1m[32m3 passed[39m[22m[90m (3)[39m
app/main test: [2m      Tests [22m [1m[32m8 passed[39m[22m[90m (8)[39m
app/main test: [2m   Start at [22m 00:33:31
app/main test: [2m   Duration [22m 1.85s[2m (transform 326ms, setup 112ms, collect 1.30s, tests 151ms, environment 1ms, prepare 811ms)[22m
app/main test: Γ£ô VRMA tests passed
app/main test: ======================================================================
app/main test: Running OpenAI tests...
app/main test: ======================================================================
app/main test: [test-electron] Electron executable: C:\Users\kevin\repos\aiembodied\app\main\node_modules\electron\dist\electron.exe
app/main test: [test-electron] Vitest entry: C:\Users\kevin\repos\aiembodied\node_modules\vitest\vitest.mjs
app/main test: [test-electron] Pattern: tests/openai*.test.ts
app/main test: [test-electron] Running with ELECTRON_RUN_AS_NODE=1
app/main test: [1m[46m RUN [49m[22m [36mv3.2.4 [39m[90mC:/Users/kevin/repos/aiembodied/app/main[39m
app/main test:  [32mΓ£ô[39m tests/openai-client.test.ts [2m([22m[2m3 tests[22m[2m)[22m[32m 14[2mms[22m[39m
app/main test: [2m Test Files [22m [1m[32m1 passed[39m[22m[90m (1)[39m
app/main test: [2m      Tests [22m [1m[32m3 passed[39m[22m[90m (3)[39m
app/main test: [2m   Start at [22m 00:33:41
app/main test: [2m   Duration [22m 1.26s[2m (transform 141ms, setup 126ms, collect 128ms, tests 14ms, environment 0ms, prepare 288ms)[22m
app/main test: Γ£ô OpenAI tests passed
app/main test: ======================================================================
app/main test: Running Memory tests...
app/main test: ======================================================================
app/main test: [test-electron] Electron executable: C:\Users\kevin\repos\aiembodied\app\main\node_modules\electron\dist\electron.exe
app/main test: [test-electron] Vitest entry: C:\Users\kevin\repos\aiembodied\node_modules\vitest\vitest.mjs
app/main test: [test-electron] Pattern: tests/memory*.test.ts
app/main test: [test-electron] Running with ELECTRON_RUN_AS_NODE=1
app/main test: [1m[46m RUN [49m[22m [36mv3.2.4 [39m[90mC:/Users/kevin/repos/aiembodied/app/main[39m
app/main test:  [32mΓ£ô[39m tests/memory-store.test.ts [2m([22m[2m6 tests[22m[2m)[22m[32m 269[2mms[22m[39m
app/main test: [2m Test Files [22m [1m[32m1 passed[39m[22m[90m (1)[39m
app/main test: [2m      Tests [22m [1m[32m6 passed[39m[22m[90m (6)[39m
app/main test: [2m   Start at [22m 00:33:45
app/main test: [2m   Duration [22m 6.26s[2m (transform 143ms, setup 76ms, collect 282ms, tests 269ms, environment 0ms, prepare 288ms)[22m
app/main test: Γ£ô Memory tests passed
app/main test: ======================================================================
app/main test: Running Preload tests...
app/main test: ======================================================================
app/main test: [test-electron] Electron executable: C:\Users\kevin\repos\aiembodied\app\main\node_modules\electron\dist\electron.exe
app/main test: [test-electron] Vitest entry: C:\Users\kevin\repos\aiembodied\node_modules\vitest\vitest.mjs
app/main test: [test-electron] Pattern: tests/preload.test.ts
app/main test: [test-electron] Running with ELECTRON_RUN_AS_NODE=1
app/main test: [1m[46m RUN [49m[22m [36mv3.2.4 [39m[90mC:/Users/kevin/repos/aiembodied/app/main[39m
app/main test: [90mstdout[2m | tests/preload.test.ts[2m > [22m[2mpreload bridge[2m > [22m[2mregisters the aiembodied api with config bridge and ping helper
app/main test: [22m[39m[preload bridge] Preparing to expose renderer bridge. {
app/main test:   keys: [
app/main test:     [32m'config'[39m,
app/main test:     [32m'realtime'[39m,
app/main test:     [32m'wakeWord'[39m,
app/main test:     [32m'conversation'[39m,
app/main test:     [32m'metrics'[39m,
app/main test:     [32m'avatar'[39m,
app/main test:     [32m'camera'[39m,
app/main test:     [32m'ping'[39m,
app/main test:     [32m'__bridgeReady'[39m,
app/main test:     [32m'__bridgeVersion'[39m
app/main test:   ],
app/main test:   hasAvatarBridge: [33mtrue[39m,
app/main test:   hasCameraBridge: [33mtrue[39m
app/main test: }
app/main test: [preload bridge] Renderer bridge exposed successfully. {
app/main test:   keys: [
app/main test:     [32m'config'[39m,
app/main test:     [32m'realtime'[39m,
app/main test:     [32m'wakeWord'[39m,
app/main test:     [32m'conversation'[39m,
app/main test:     [32m'metrics'[39m,
app/main test:     [32m'avatar'[39m,
app/main test:     [32m'camera'[39m,
app/main test:     [32m'ping'[39m,
app/main test:     [32m'__bridgeReady'[39m,
app/main test:     [32m'__bridgeVersion'[39m
app/main test:   ],
app/main test:   hasAvatarBridge: [33mtrue[39m,
app/main test:   hasCameraBridge: [33mtrue[39m,
app/main test:   bridgeReady: [33mtrue[39m,
app/main test:   bridgeVersion: [32m'1.0.0'[39m
app/main test: }
app/main test: [90mstdout[2m | tests/preload.test.ts[2m > [22m[2mpreload bridge[2m > [22m[2mroutes config mutations and tests through ipc channels
app/main test: [22m[39m[preload bridge] Preparing to expose renderer bridge. {
app/main test:   keys: [
app/main test:     [32m'config'[39m,
app/main test:     [32m'realtime'[39m,
app/main test:     [32m'wakeWord'[39m,
app/main test:     [32m'conversation'[39m,
app/main test:     [32m'metrics'[39m,
app/main test:     [32m'avatar'[39m,
app/main test:     [32m'camera'[39m,
app/main test:     [32m'ping'[39m,
app/main test:     [32m'__bridgeReady'[39m,
app/main test:     [32m'__bridgeVersion'[39m
app/main test:   ],
app/main test:   hasAvatarBridge: [33mtrue[39m,
app/main test:   hasCameraBridge: [33mtrue[39m
app/main test: }
app/main test: [preload bridge] Renderer bridge exposed successfully. {
app/main test:   keys: [
app/main test:     [32m'config'[39m,
app/main test:     [32m'realtime'[39m,
app/main test:     [32m'wakeWord'[39m,
app/main test:     [32m'conversation'[39m,
app/main test:     [32m'metrics'[39m,
app/main test:     [32m'avatar'[39m,
app/main test:     [32m'camera'[39m,
app/main test:     [32m'ping'[39m,
app/main test:     [32m'__bridgeReady'[39m,
app/main test:     [32m'__bridgeVersion'[39m
app/main test:   ],
app/main test:   hasAvatarBridge: [33mtrue[39m,
app/main test:   hasCameraBridge: [33mtrue[39m,
app/main test:   bridgeReady: [33mtrue[39m,
app/main test:   bridgeVersion: [32m'1.0.0'[39m
app/main test: }
app/main test: [90mstdout[2m | tests/preload.test.ts[2m > [22m[2mpreload bridge[2m > [22m[2mprovides a wake word subscription bridge
app/main test: [22m[39m[preload bridge] Preparing to expose renderer bridge. {
app/main test:   keys: [
app/main test:     [32m'config'[39m,
app/main test:     [32m'realtime'[39m,
app/main test:     [32m'wakeWord'[39m,
app/main test:     [32m'conversation'[39m,
app/main test:     [32m'metrics'[39m,
app/main test:     [32m'avatar'[39m,
app/main test:     [32m'camera'[39m,
app/main test:     [32m'ping'[39m,
app/main test:     [32m'__bridgeReady'[39m,
app/main test:     [32m'__bridgeVersion'[39m
app/main test:   ],
app/main test:   hasAvatarBridge: [33mtrue[39m,
app/main test:   hasCameraBridge: [33mtrue[39m
app/main test: }
app/main test: [preload bridge] Renderer bridge exposed successfully. {
app/main test:   keys: [
app/main test:     [32m'config'[39m,
app/main test:     [32m'realtime'[39m,
app/main test:     [32m'wakeWord'[39m,
app/main test:     [32m'conversation'[39m,
app/main test:     [32m'metrics'[39m,
app/main test:     [32m'avatar'[39m,
app/main test:     [32m'camera'[39m,
app/main test:     [32m'ping'[39m,
app/main test:     [32m'__bridgeReady'[39m,
app/main test:     [32m'__bridgeVersion'[39m
app/main test:   ],
app/main test:   hasAvatarBridge: [33mtrue[39m,
app/main test:   hasCameraBridge: [33mtrue[39m,
app/main test:   bridgeReady: [33mtrue[39m,
app/main test:   bridgeVersion: [32m'1.0.0'[39m
app/main test: }
app/main test: [90mstdout[2m | tests/preload.test.ts[2m > [22m[2mpreload bridge[2m > [22m[2mexposes camera detection helpers through the bridge
app/main test: [22m[39m[preload bridge] Preparing to expose renderer bridge. {
app/main test:   keys: [
app/main test:     [32m'config'[39m,
app/main test:     [32m'realtime'[39m,
app/main test:     [32m'wakeWord'[39m,
app/main test:     [32m'conversation'[39m,
app/main test:     [32m'metrics'[39m,
app/main test:     [32m'avatar'[39m,
app/main test:     [32m'camera'[39m,
app/main test:     [32m'ping'[39m,
app/main test:     [32m'__bridgeReady'[39m,
app/main test:     [32m'__bridgeVersion'[39m
app/main test:   ],
app/main test:   hasAvatarBridge: [33mtrue[39m,
app/main test:   hasCameraBridge: [33mtrue[39m
app/main test: }
app/main test: [preload bridge] Renderer bridge exposed successfully. {
app/main test:   keys: [
app/main test:     [32m'config'[39m,
app/main test:     [32m'realtime'[39m,
app/main test:     [32m'wakeWord'[39m,
app/main test:     [32m'conversation'[39m,
app/main test:     [32m'metrics'[39m,
app/main test:     [32m'avatar'[39m,
app/main test:     [32m'camera'[39m,
app/main test:     [32m'ping'[39m,
app/main test:     [32m'__bridgeReady'[39m,
app/main test:     [32m'__bridgeVersion'[39m
app/main test:   ],
app/main test:   hasAvatarBridge: [33mtrue[39m,
app/main test:   hasCameraBridge: [33mtrue[39m,
app/main test:   bridgeReady: [33mtrue[39m,
app/main test:   bridgeVersion: [32m'1.0.0'[39m
app/main test: }
app/main test: [90mstdout[2m | tests/preload.test.ts[2m > [22m[2mpreload bridge[2m > [22m[2mexposes avatar model helpers through the bridge
app/main test: [22m[39m[preload bridge] Preparing to expose renderer bridge. {
app/main test:   keys: [
app/main test:     [32m'config'[39m,
app/main test:     [32m'realtime'[39m,
app/main test:     [32m'wakeWord'[39m,
app/main test:     [32m'conversation'[39m,
app/main test:     [32m'metrics'[39m,
app/main test:     [32m'avatar'[39m,
app/main test:     [32m'camera'[39m,
app/main test:     [32m'ping'[39m,
app/main test:     [32m'__bridgeReady'[39m,
app/main test:     [32m'__bridgeVersion'[39m
app/main test:   ],
app/main test:   hasAvatarBridge: [33mtrue[39m,
app/main test:   hasCameraBridge: [33mtrue[39m
app/main test: }
app/main test: [preload bridge] Renderer bridge exposed successfully. {
app/main test:   keys: [
app/main test:     [32m'config'[39m,
app/main test:     [32m'realtime'[39m,
app/main test:     [32m'wakeWord'[39m,
app/main test:     [32m'conversation'[39m,
app/main test:     [32m'metrics'[39m,
app/main test:     [32m'avatar'[39m,
app/main test:     [32m'camera'[39m,
app/main test:     [32m'ping'[39m,
app/main test:     [32m'__bridgeReady'[39m,
app/main test:     [32m'__bridgeVersion'[39m
app/main test:   ],
app/main test:   hasAvatarBridge: [33mtrue[39m,
app/main test:   hasCameraBridge: [33mtrue[39m,
app/main test:   bridgeReady: [33mtrue[39m,
app/main test:   bridgeVersion: [32m'1.0.0'[39m
app/main test: }
app/main test: [90mstdout[2m | tests/preload.test.ts[2m > [22m[2mpreload bridge[2m > [22m[2mexposes avatar animation helpers through the bridge
app/main test: [22m[39m[preload bridge] Preparing to expose renderer bridge. {
app/main test:   keys: [
app/main test:     [32m'config'[39m,
app/main test:     [32m'realtime'[39m,
app/main test:     [32m'wakeWord'[39m,
app/main test:     [32m'conversation'[39m,
app/main test:     [32m'metrics'[39m,
app/main test:     [32m'avatar'[39m,
app/main test:     [32m'camera'[39m,
app/main test:     [32m'ping'[39m,
app/main test:     [32m'__bridgeReady'[39m,
app/main test:     [32m'__bridgeVersion'[39m
app/main test:   ],
app/main test:   hasAvatarBridge: [33mtrue[39m,
app/main test:   hasCameraBridge: [33mtrue[39m
app/main test: }
app/main test: [preload bridge] Renderer bridge exposed successfully. {
app/main test:   keys: [
app/main test:     [32m'config'[39m,
app/main test:     [32m'realtime'[39m,
app/main test:     [32m'wakeWord'[39m,
app/main test:     [32m'conversation'[39m,
app/main test:     [32m'metrics'[39m,
app/main test:     [32m'avatar'[39m,
app/main test:     [32m'camera'[39m,
app/main test:     [32m'ping'[39m,
app/main test:     [32m'__bridgeReady'[39m,
app/main test:     [32m'__bridgeVersion'[39m
app/main test:   ],
app/main test:   hasAvatarBridge: [33mtrue[39m,
app/main test:   hasCameraBridge: [33mtrue[39m,
app/main test:   bridgeReady: [33mtrue[39m,
app/main test:   bridgeVersion: [32m'1.0.0'[39m
app/main test: }
app/main test:  [32mΓ£ô[39m tests/preload.test.ts [2m([22m[2m6 tests[22m[2m)[22m[32m 139[2mms[22m[39m
app/main test: [2m Test Files [22m [1m[32m1 passed[39m[22m[90m (1)[39m
app/main test: [2m      Tests [22m [1m[32m6 passed[39m[22m[90m (6)[39m
app/main test: [2m   Start at [22m 00:33:53
app/main test: [2m   Duration [22m 1.55s[2m (transform 119ms, setup 64ms, collect 126ms, tests 139ms, environment 0ms, prepare 327ms)[22m
app/main test: Γ£ô Preload tests passed
app/main test: ======================================================================
app/main test: Running Main tests...
app/main test: ======================================================================
app/main test: [test-electron] Electron executable: C:\Users\kevin\repos\aiembodied\app\main\node_modules\electron\dist\electron.exe
app/main test: [test-electron] Vitest entry: C:\Users\kevin\repos\aiembodied\node_modules\vitest\vitest.mjs
app/main test: [test-electron] Pattern: tests/main.test.ts
app/main test: [test-electron] Running with ELECTRON_RUN_AS_NODE=1
app/main test: [1m[46m RUN [49m[22m [36mv3.2.4 [39m[90mC:/Users/kevin/repos/aiembodied/app/main[39m
app/main test:  [32mΓ£ô[39m tests/main.test.ts [2m([22m[2m5 tests[22m[2m)[22m[33m 791[2mms[22m[39m
app/main test:    [33m[2mΓ£ô[22m[39m main process bootstrap[2m > [22mquits when another instance already holds the lock [33m 624[2mms[22m[39m
app/main test: [2m Test Files [22m [1m[32m1 passed[39m[22m[90m (1)[39m
app/main test: [2m      Tests [22m [1m[32m5 passed[39m[22m[90m (5)[39m
app/main test: [2m   Start at [22m 00:34:02
app/main test: [2m   Duration [22m 2.27s[2m (transform 365ms, setup 63ms, collect 285ms, tests 791ms, environment 0ms, prepare 311ms)[22m
app/main test: Γ£ô Main tests passed
app/main test: ======================================================================
app/main test: Running Conversation tests...
app/main test: ======================================================================
app/main test: [test-electron] Electron executable: C:\Users\kevin\repos\aiembodied\app\main\node_modules\electron\dist\electron.exe
app/main test: [test-electron] Vitest entry: C:\Users\kevin\repos\aiembodied\node_modules\vitest\vitest.mjs
app/main test: [test-electron] Pattern: tests/conversation*.test.ts
app/main test: [test-electron] Running with ELECTRON_RUN_AS_NODE=1
app/main test: [1m[46m RUN [49m[22m [36mv3.2.4 [39m[90mC:/Users/kevin/repos/aiembodied/app/main[39m
app/main test:  [32mΓ£ô[39m tests/conversation-manager.test.ts [2m([22m[2m4 tests[22m[2m)[22m[32m 11[2mms[22m[39m
app/main test: [2m Test Files [22m [1m[32m1 passed[39m[22m[90m (1)[39m
app/main test: [2m      Tests [22m [1m[32m4 passed[39m[22m[90m (4)[39m
app/main test: [2m   Start at [22m 00:34:06
app/main test: [2m   Duration [22m 11.02s[2m (transform 181ms, setup 98ms, collect 174ms, tests 11ms, environment 0ms, prepare 356ms)[22m
app/main test: Γ£ô Conversation tests passed
app/main test: ======================================================================
app/main test: Running Wake Word tests...
app/main test: ======================================================================
app/main test: [test-electron] Electron executable: C:\Users\kevin\repos\aiembodied\app\main\node_modules\electron\dist\electron.exe
app/main test: [test-electron] Vitest entry: C:\Users\kevin\repos\aiembodied\node_modules\vitest\vitest.mjs
app/main test: [test-electron] Pattern: tests/wake-word*.test.ts
app/main test: [test-electron] Running with ELECTRON_RUN_AS_NODE=1
app/main test: [1m[46m RUN [49m[22m [36mv3.2.4 [39m[90mC:/Users/kevin/repos/aiembodied/app/main[39m
app/main test:  [32mΓ£ô[39m tests/wake-word-service.test.ts [2m([22m[2m9 tests[22m[2m)[22m[33m 12090[2mms[22m[39m
app/main test:    [33m[2mΓ£ô[22m[39m WakeWordService[2m > [22mterminates worker on dispose [33m 3016[2mms[22m[39m
app/main test:    [33m[2mΓ£ô[22m[39m WakeWordService[2m > [22mschedules restart when fatal error is received [33m 3031[2mms[22m[39m
app/main test:    [33m[2mΓ£ô[22m[39m WakeWordService[2m > [22mapplies exponential backoff on repeated restarts [33m 3009[2mms[22m[39m
app/main test:    [33m[2mΓ£ô[22m[39m WakeWordService[2m > [22mresets restart attempts on successful ready [33m 3014[2mms[22m[39m
app/main test: [2m Test Files [22m [1m[32m1 passed[39m[22m[90m (1)[39m
app/main test: [2m      Tests [22m [1m[32m9 passed[39m[22m[90m (9)[39m
app/main test: [2m   Start at [22m 00:34:20
app/main test: [2m   Duration [22m 18.43s[2m (transform 111ms, setup 60ms, collect 212ms, tests 12.09s, environment 0ms, prepare 299ms)[22m
app/main test: Γ£ô Wake Word tests passed
app/main test: ======================================================================
app/main test: Running Logger tests...
app/main test: ======================================================================
app/main test: [test-electron] Electron executable: C:\Users\kevin\repos\aiembodied\app\main\node_modules\electron\dist\electron.exe
app/main test: [test-electron] Vitest entry: C:\Users\kevin\repos\aiembodied\node_modules\vitest\vitest.mjs
app/main test: [test-electron] Pattern: tests/logger.test.ts
app/main test: [test-electron] Running with ELECTRON_RUN_AS_NODE=1
app/main test: [1m[46m RUN [49m[22m [36mv3.2.4 [39m[90mC:/Users/kevin/repos/aiembodied/app/main[39m
app/main test: [90mstdout[2m | tests/logger.test.ts[2m > [22m[2minitializeLogger[2m > [22m[2mcreates a logger with console and file transports
app/main test: [22m[39m2026-01-03T13:34:43.085Z [[34mdebug[39m] 2026-01-03T13:34:43.083Z test-service:main debug message {"service":"test-service"}
app/main test:  [32mΓ£ô[39m tests/logger.test.ts [2m([22m[2m1 test[22m[2m)[22m[33m 367[2mms[22m[39m
app/main test:    [33m[2mΓ£ô[22m[39m initializeLogger[2m > [22mcreates a logger with console and file transports [33m 365[2mms[22m[39m
app/main test: [2m Test Files [22m [1m[32m1 passed[39m[22m[90m (1)[39m
app/main test: [2m      Tests [22m [1m[32m1 passed[39m[22m[90m (1)[39m
app/main test: [2m   Start at [22m 00:34:41
app/main test: [2m   Duration [22m 1.70s[2m (transform 117ms, setup 79ms, collect 109ms, tests 367ms, environment 0ms, prepare 283ms)[22m
app/main test: Γ£ô Logger tests passed
app/main test: ======================================================================
app/main test: Running Crash Guard tests...
app/main test: ======================================================================
app/main test: [test-electron] Electron executable: C:\Users\kevin\repos\aiembodied\app\main\node_modules\electron\dist\electron.exe
app/main test: [test-electron] Vitest entry: C:\Users\kevin\repos\aiembodied\node_modules\vitest\vitest.mjs
app/main test: [test-electron] Pattern: tests/crash-guard.test.ts
app/main test: [test-electron] Running with ELECTRON_RUN_AS_NODE=1
app/main test: [1m[46m RUN [49m[22m [36mv3.2.4 [39m[90mC:/Users/kevin/repos/aiembodied/app/main[39m
app/main test:  [32mΓ£ô[39m tests/crash-guard.test.ts [2m([22m[2m2 tests[22m[2m)[22m[32m 11[2mms[22m[39m
app/main test: [2m Test Files [22m [1m[32m1 passed[39m[22m[90m (1)[39m
app/main test: [2m      Tests [22m [1m[32m2 passed[39m[22m[90m (2)[39m
app/main test: [2m   Start at [22m 00:34:45
app/main test: [2m   Duration [22m 16.11s[2m (transform 169ms, setup 131ms, collect 156ms, tests 11ms, environment 0ms, prepare 367ms)[22m
app/main test: Γ£ô Crash Guard tests passed
app/main test: ======================================================================
app/main test: Running Runtime Paths tests...
app/main test: ======================================================================
app/main test: [test-electron] Electron executable: C:\Users\kevin\repos\aiembodied\app\main\node_modules\electron\dist\electron.exe
app/main test: [test-electron] Vitest entry: C:\Users\kevin\repos\aiembodied\node_modules\vitest\vitest.mjs
app/main test: [test-electron] Pattern: tests/runtime-paths.test.ts
app/main test: [test-electron] Running with ELECTRON_RUN_AS_NODE=1
app/main test: [1m[46m RUN [49m[22m [36mv3.2.4 [39m[90mC:/Users/kevin/repos/aiembodied/app/main[39m
app/main test:  [32mΓ£ô[39m tests/runtime-paths.test.ts [2m([22m[2m5 tests[22m[2m)[22m[32m 8[2mms[22m[39m
app/main test: [2m Test Files [22m [1m[32m1 passed[39m[22m[90m (1)[39m
app/main test: [2m      Tests [22m [1m[32m5 passed[39m[22m[90m (5)[39m
app/main test: [2m   Start at [22m 00:35:03
app/main test: [2m   Duration [22m 1.33s[2m (transform 96ms, setup 60ms, collect 176ms, tests 8ms, environment 0ms, prepare 361ms)[22m
app/main test: Γ£ô Runtime Paths tests passed
app/main test: ======================================================================
app/main test: Running Auto Launch tests...
app/main test: ======================================================================
app/main test: [test-electron] Electron executable: C:\Users\kevin\repos\aiembodied\app\main\node_modules\electron\dist\electron.exe
app/main test: [test-electron] Vitest entry: C:\Users\kevin\repos\aiembodied\node_modules\vitest\vitest.mjs
app/main test: [test-electron] Pattern: tests/auto-launch*.test.ts
app/main test: [test-electron] Running with ELECTRON_RUN_AS_NODE=1
app/main test: [1m[46m RUN [49m[22m [36mv3.2.4 [39m[90mC:/Users/kevin/repos/aiembodied/app/main[39m
app/main test:  [32mΓ£ô[39m tests/auto-launch-manager.test.ts [2m([22m[2m3 tests[22m[2m)[22m[32m 23[2mms[22m[39m
app/main test: [2m Test Files [22m [1m[32m1 passed[39m[22m[90m (1)[39m
app/main test: [2m      Tests [22m [1m[32m3 passed[39m[22m[90m (3)[39m
app/main test: [2m   Start at [22m 00:35:12
app/main test: [2m   Duration [22m 1.30s[2m (transform 99ms, setup 62ms, collect 185ms, tests 23ms, environment 0ms, prepare 308ms)[22m
app/main test: Γ£ô Auto Launch tests passed
app/main test: ======================================================================
app/main test: Running App Diagnostics tests...
app/main test: ======================================================================
app/main test: [test-electron] Electron executable: C:\Users\kevin\repos\aiembodied\app\main\node_modules\electron\dist\electron.exe
app/main test: [test-electron] Vitest entry: C:\Users\kevin\repos\aiembodied\node_modules\vitest\vitest.mjs
app/main test: [test-electron] Pattern: tests/app-diagnostics.test.ts
app/main test: [test-electron] Running with ELECTRON_RUN_AS_NODE=1
app/main test: [1m[46m RUN [49m[22m [36mv3.2.4 [39m[90mC:/Users/kevin/repos/aiembodied/app/main[39m
app/main test:  [32mΓ£ô[39m tests/app-diagnostics.test.ts [2m([22m[2m6 tests[22m[2m)[22m[32m 174[2mms[22m[39m
app/main test: [2m Test Files [22m [1m[32m1 passed[39m[22m[90m (1)[39m
app/main test: [2m      Tests [22m [1m[32m6 passed[39m[22m[90m (6)[39m
app/main test: [2m   Start at [22m 00:35:16
app/main test: [2m   Duration [22m 6.55s[2m (transform 145ms, setup 75ms, collect 147ms, tests 174ms, environment 0ms, prepare 305ms)[22m
app/main test: Γ£ô App Diagnostics tests passed
app/main test: ======================================================================
app/main test: Running Metrics tests...
app/main test: ======================================================================
app/main test: [test-electron] Electron executable: C:\Users\kevin\repos\aiembodied\app\main\node_modules\electron\dist\electron.exe
app/main test: [test-electron] Vitest entry: C:\Users\kevin\repos\aiembodied\node_modules\vitest\vitest.mjs
app/main test: [test-electron] Pattern: tests/metrics/*.test.ts
app/main test: [test-electron] Running with ELECTRON_RUN_AS_NODE=1
app/main test: [1m[46m RUN [49m[22m [36mv3.2.4 [39m[90mC:/Users/kevin/repos/aiembodied/app/main[39m
app/main test:  [32mΓ£ô[39m tests/metrics/prometheus-collector.test.ts [2m([22m[2m2 tests[22m[2m)[22m[32m 62[2mms[22m[39m
app/main test: [2m Test Files [22m [1m[32m1 passed[39m[22m[90m (1)[39m
app/main test: [2m      Tests [22m [1m[32m2 passed[39m[22m[90m (2)[39m
app/main test: [2m   Start at [22m 00:35:25
app/main test: [2m   Duration [22m 1.35s[2m (transform 90ms, setup 64ms, collect 178ms, tests 62ms, environment 0ms, prepare 358ms)[22m
app/main test: Γ£ô Metrics tests passed
app/main test: ======================================================================
app/main test: Running Run Dev tests...
app/main test: ======================================================================
app/main test: [test-electron] Electron executable: C:\Users\kevin\repos\aiembodied\app\main\node_modules\electron\dist\electron.exe
app/main test: [test-electron] Vitest entry: C:\Users\kevin\repos\aiembodied\node_modules\vitest\vitest.mjs
app/main test: [test-electron] Pattern: tests/run-dev-*.test.ts
app/main test: [test-electron] Running with ELECTRON_RUN_AS_NODE=1
app/main test: [1m[46m RUN [49m[22m [36mv3.2.4 [39m[90mC:/Users/kevin/repos/aiembodied/app/main[39m
app/main test:  [32mΓ£ô[39m tests/run-dev-store.test.ts [2m([22m[2m2 tests[22m[2m)[22m[32m 89[2mms[22m[39m
app/main test: [90mstdout[2m | tests/run-dev-cli.test.ts[2m > [22m[2mrebuildNativeDependenciesForElectron[2m > [22m[2mrebuilds native modules with Electron runtime settings applied to the environment
app/main test: [22m[39m[info] Rebuilding better-sqlite3 at C:\Users\kevin\AppData\Local\Temp\aiembodied-electron-rebuild-hf5xrX\repo\node_modules\.pnpm\better-sqlite3@1.0.0\node_modules\better-sqlite3 for Electron 29.1.0 (x64)...
app/main test: [90mstdout[2m | tests/run-dev-cli.test.ts[2m > [22m[2mrebuildNativeDependenciesForElectron[2m > [22m[2mrebuilds native modules with Electron runtime settings applied to the environment
app/main test: [22m[39m[info] Successfully rebuilt better-sqlite3 for Electron 29.1.0.
app/main test: [info] Rebuilding keytar at C:\Users\kevin\AppData\Local\Temp\aiembodied-electron-rebuild-hf5xrX\repo\node_modules\.pnpm\keytar@8.0.0\node_modules\keytar for Electron 29.1.0 (x64)...
app/main test: [90mstderr[2m | tests/run-dev-cli.test.ts[2m > [22m[2mrebuildNativeDependenciesForElectron[2m > [22m[2mrebuilds native modules with Electron runtime settings applied to the environment
app/main test: [22m[39m[warn] Could not find @picovoice/porcupine-node in node_modules, skipping rebuild.
app/main test: [warn] Could not find @picovoice/pvrecorder-node in node_modules, skipping rebuild.
app/main test: [90mstdout[2m | tests/run-dev-cli.test.ts[2m > [22m[2mrebuildNativeDependenciesForElectron[2m > [22m[2mrebuilds native modules with Electron runtime settings applied to the environment
app/main test: [22m[39m[info] Successfully rebuilt keytar for Electron 29.1.0.
app/main test:  [32mΓ£ô[39m tests/run-dev-cli.test.ts [2m([22m[2m4 tests[22m[2m)[22m[32m 87[2mms[22m[39m
app/main test: [2m Test Files [22m [1m[32m2 passed[39m[22m[90m (2)[39m
app/main test: [2m      Tests [22m [1m[32m6 passed[39m[22m[90m (6)[39m
app/main test: [2m   Start at [22m 00:35:28
app/main test: [2m   Duration [22m 16.29s[2m (transform 166ms, setup 168ms, collect 414ms, tests 177ms, environment 1ms, prepare 791ms)[22m
app/main test: Γ£ô Run Dev tests passed
app/main test: ======================================================================
app/main test: Γ£à All test groups passed!
app/main test: ======================================================================
app/main test: Done
